// Vitest Snapshot v1, https://vitest.dev/guide/snapshot.html

exports[`settings page composition > preserves the ordered settings menu and group assignment matrix 1`] = `
[
  [
    "patient_registration",
    "clinical",
  ],
  [
    "patient_import",
    "clinical",
  ],
  [
    "patient_duplicate_resolver",
    "clinical",
  ],
  [
    "scheduling_and_capacity",
    "scheduling",
  ],
  [
    "queue_and_arrival",
    "scheduling",
  ],
  [
    "scheduling_engine_config",
    "scheduling",
  ],
  [
    "pacs_connection",
    "integrations",
  ],
  [
    "dicom_gateway_config",
    "integrations",
  ],
  [
    "dicom_gateway_devices",
    "integrations",
  ],
  [
    "dicom_gateway_monitoring",
    "integrations",
  ],
  [
    "mwl_policy",
    "integrations",
  ],
  [
    "orthanc_mwl_sync",
    "integrations",
  ],
  [
    "sante_worklist_hl7",
    "integrations",
  ],
  [
    "users",
    "admin",
  ],
  [
    "action_pin_policy",
    "admin",
  ],
  [
    "role_page_access",
    "admin",
  ],
  [
    "audit_log",
    "admin",
  ],
  [
    "exam_types",
    "clinical",
  ],
  [
    "modalities",
    "clinical",
  ],
  [
    "equipment",
    "clinical",
  ],
  [
    "not_allowed_name_words",
    "clinical",
  ],
  [
    "appointment_slip",
    "clinical",
  ],
  [
    "qz_tray",
    "system",
  ],
  [
    "patient_qr_self_service",
    "clinical",
  ],
  [
    "passkey_configuration",
    "admin",
  ],
  [
    "sonicdicom_reports",
    "integrations",
  ],
  [
    "ohif_viewer",
    "integrations",
  ],
  [
    "documents_and_uploads",
    "system",
  ],
  [
    "backup_restore",
    "system",
  ],
  [
    "system_diagnostics",
    "system",
  ],
  [
    "request_scan_automation",
    "integrations",
  ],
  [
    "email_notifications",
    "integrations",
  ],
  [
    "authoritative_orthanc",
    "integrations",
  ],
]
`;
